// Jest Snapshot v1, https://goo.gl/fbAQLP

exports[`MainView renders view 1`] = `
<div class="col-12 col-md-6 bg-light py-3 border">
  <searchinput-stub placeholder="Type a GitHub username" class="mb-2"></searchinput-stub>
  <searchlist-stub repositories=""></searchlist-stub>
</div>
`;
